// Jest Snapshot v1, https://goo.gl/fbAQLP

exports[`Pruebas en GifItem Match con el snapshot 1`] = `
<div>
  <div
    class="card"
  >
    <img
      alt="Whatever"
      src="https://whatever.com/image.jpg"
    />
    <p>
      Whatever
    </p>
  </div>
</div>
`;
